// Jest Snapshot v1, https://goo.gl/fbAQLP

exports[`renders correctly 1`] = `
<View
  style={
    Object {
      "alignItems": "center",
      "backgroundColor": "white",
      "flex": 1,
      "justifyContent": "center",
      "marginBottom": 5,
      "marginTop": 5,
    }
  }
>
  <View
    style={
      Object {
        "alignItems": "center",
        "backgroundColor": "#2A2A30",
        "borderRadius": 5,
        "flex": 1,
        "height": 20,
        "justifyContent": "center",
        "marginTop": 5,
        "opacity": 0.5,
        "width": 150,
      }
    }
  >
    <View
      accessible={true}
      focusable={true}
      onClick={[Function]}
      onResponderGrant={[Function]}
      onResponderMove={[Function]}
      onResponderRelease={[Function]}
      onResponderTerminate={[Function]}
      onResponderTerminationRequest={[Function]}
      onStartShouldSetResponder={[Function]}
      style={
        Object {
          "opacity": 1,
        }
      }
    >
      <Text
        style={
          Object {
            "color": "white",
            "fontFamily": "Montserrat_500Medium",
            "fontSize": 12,
            "fontStyle": "normal",
            "marginBottom": 0,
          }
        }
      />
    </View>
  </View>
</View>
`;
